[2026-09-04 16:07:04,959] 15 root -INFO -Enter the try block
[2026-09-04 16:07:04,959] 19 root -INFO -Initiate the data ingesion
[2026-09-04 16:07:09,038] 62 root -INFO -Performed traintest split on the dataframe
[2026-09-04 16:07:09,038] 64 root -INFO -Exited split data as train test method of data_ingestion class
[2026-09-04 16:07:09,039] 72 root -INFO -Exporting train and test file path
[2026-09-04 16:07:09,124] 82 root -INFO -Exported train and test file path
[2026-09-04 16:07:09,125] 21 root -INFO -Data Initiate Completed
[2026-09-04 16:07:09,133] 25 root -INFO -Initiate the data Validation
[2026-09-04 16:07:09,266] 36 root -INFO -Required number of columns :2
[2026-09-04 16:07:09,266] 37 root -INFO -Dataframe has columns :31
[2026-09-04 16:07:09,266] 36 root -INFO -Required number of columns :2
[2026-09-04 16:07:09,266] 37 root -INFO -Dataframe has columns :31
[2026-09-04 16:07:09,267] 57 root -INFO -Required number of numerical columns :31
[2026-09-04 16:07:09,267] 62 root -INFO -Data has numerical columns :31
[2026-09-04 16:07:09,268] 57 root -INFO -Required number of numerical columns :31
[2026-09-04 16:07:09,269] 62 root -INFO -Data has numerical columns :31
[2026-09-04 16:07:09,718] 27 root -INFO -Data Validation is completed
[2026-09-04 16:07:09,719] 31 root -INFO -data Transformation started
[2026-09-04 16:07:09,719] 65 root -INFO -Entered initiate_data_transformation method of DataTransformation class
[2026-09-04 16:07:09,719] 67 root -INFO -Starting data transformation
[2026-09-04 16:07:09,883] 50 root -INFO -Entered get_data_trnasformer_object method of Trnasformation class
[2026-09-04 16:07:09,883] 55 root -INFO -Initialise KNNImputer with {'missing_values': nan, 'n_neighbors': 3, 'weights': 'uniform'}
[2026-09-04 16:07:10,619] 53 root -INFO -Entered the save_object method of MainuUtils class
[2026-09-04 16:07:10,625] 57 root -INFO -Exited the save_object method of MainuUtils class
[2026-09-04 16:07:10,625] 53 root -INFO -Entered the save_object method of MainuUtils class
[2026-09-04 16:07:10,634] 57 root -INFO -Exited the save_object method of MainuUtils class
[2026-09-04 16:07:10,636] 35 root -INFO -data Transformation completed
