[2026-09-04 21:26:03,420] 16 root -INFO -Enter the try block
[2026-09-04 21:26:03,420] 20 root -INFO -Initiate the data ingesion
[2026-09-04 21:26:09,146] 62 root -INFO -Performed traintest split on the dataframe
[2026-09-04 21:26:09,146] 64 root -INFO -Exited split data as train test method of data_ingestion class
[2026-09-04 21:26:09,147] 72 root -INFO -Exporting train and test file path
[2026-09-04 21:26:09,232] 82 root -INFO -Exported train and test file path
[2026-09-04 21:26:09,233] 22 root -INFO -Data Initiate Completed
[2026-09-04 21:26:09,242] 26 root -INFO -Initiate the data Validation
[2026-09-04 21:26:09,372] 36 root -INFO -Required number of columns :2
[2026-09-04 21:26:09,372] 37 root -INFO -Dataframe has columns :31
[2026-09-04 21:26:09,372] 36 root -INFO -Required number of columns :2
[2026-09-04 21:26:09,372] 37 root -INFO -Dataframe has columns :31
[2026-09-04 21:26:09,379] 57 root -INFO -Required number of numerical columns :31
[2026-09-04 21:26:09,379] 62 root -INFO -Data has numerical columns :31
[2026-09-04 21:26:09,380] 57 root -INFO -Required number of numerical columns :31
[2026-09-04 21:26:09,380] 62 root -INFO -Data has numerical columns :31
[2026-09-04 21:26:09,817] 28 root -INFO -Data Validation is completed
[2026-09-04 21:26:09,818] 32 root -INFO -data Transformation started
[2026-09-04 21:26:09,818] 65 root -INFO -Entered initiate_data_transformation method of DataTransformation class
[2026-09-04 21:26:09,818] 67 root -INFO -Starting data transformation
[2026-09-04 21:26:09,947] 50 root -INFO -Entered get_data_trnasformer_object method of Trnasformation class
[2026-09-04 21:26:09,947] 55 root -INFO -Initialise KNNImputer with {'missing_values': nan, 'n_neighbors': 3, 'weights': 'uniform'}
[2026-09-04 21:26:10,050] 54 root -INFO -Entered the save_object method of MainuUtils class
[2026-09-04 21:26:10,057] 58 root -INFO -Exited the save_object method of MainuUtils class
[2026-09-04 21:26:10,057] 54 root -INFO -Entered the save_object method of MainuUtils class
[2026-09-04 21:26:10,063] 58 root -INFO -Exited the save_object method of MainuUtils class
[2026-09-04 21:26:10,066] 36 root -INFO -data Transformation completed
[2026-09-04 21:26:10,066] 38 root -INFO -Model training started
