[2026-09-04 21:28:45,849] 16 root -INFO -Enter the try block
[2026-09-04 21:28:45,850] 20 root -INFO -Initiate the data ingesion
[2026-09-04 21:28:49,859] 62 root -INFO -Performed traintest split on the dataframe
[2026-09-04 21:28:49,859] 64 root -INFO -Exited split data as train test method of data_ingestion class
[2026-09-04 21:28:49,860] 72 root -INFO -Exporting train and test file path
[2026-09-04 21:28:49,942] 82 root -INFO -Exported train and test file path
[2026-09-04 21:28:49,943] 22 root -INFO -Data Initiate Completed
[2026-09-04 21:28:49,952] 26 root -INFO -Initiate the data Validation
[2026-09-04 21:28:50,099] 36 root -INFO -Required number of columns :2
[2026-09-04 21:28:50,099] 37 root -INFO -Dataframe has columns :31
[2026-09-04 21:28:50,099] 36 root -INFO -Required number of columns :2
[2026-09-04 21:28:50,099] 37 root -INFO -Dataframe has columns :31
[2026-09-04 21:28:50,104] 57 root -INFO -Required number of numerical columns :31
[2026-09-04 21:28:50,104] 62 root -INFO -Data has numerical columns :31
[2026-09-04 21:28:50,105] 57 root -INFO -Required number of numerical columns :31
[2026-09-04 21:28:50,105] 62 root -INFO -Data has numerical columns :31
[2026-09-04 21:28:50,563] 28 root -INFO -Data Validation is completed
[2026-09-04 21:28:50,564] 32 root -INFO -data Transformation started
[2026-09-04 21:28:50,565] 65 root -INFO -Entered initiate_data_transformation method of DataTransformation class
[2026-09-04 21:28:50,565] 67 root -INFO -Starting data transformation
[2026-09-04 21:28:50,701] 50 root -INFO -Entered get_data_trnasformer_object method of Trnasformation class
[2026-09-04 21:28:50,701] 55 root -INFO -Initialise KNNImputer with {'missing_values': nan, 'n_neighbors': 3, 'weights': 'uniform'}
[2026-09-04 21:28:50,784] 55 root -INFO -Entered the save_object method of MainuUtils class
[2026-09-04 21:28:50,790] 59 root -INFO -Exited the save_object method of MainuUtils class
[2026-09-04 21:28:50,791] 55 root -INFO -Entered the save_object method of MainuUtils class
[2026-09-04 21:28:50,795] 59 root -INFO -Exited the save_object method of MainuUtils class
[2026-09-04 21:28:50,798] 36 root -INFO -data Transformation completed
[2026-09-04 21:28:50,798] 38 root -INFO -Model training started
