[2026-09-04 22:20:49,014] 16 root -INFO -Enter the try block
[2026-09-04 22:20:49,015] 20 root -INFO -Initiate the data ingesion
[2026-09-04 22:22:15,373] 62 root -INFO -Performed traintest split on the dataframe
[2026-09-04 22:22:15,373] 64 root -INFO -Exited split data as train test method of data_ingestion class
[2026-09-04 22:22:15,375] 72 root -INFO -Exporting train and test file path
[2026-09-04 22:22:15,472] 82 root -INFO -Exported train and test file path
[2026-09-04 22:22:15,473] 22 root -INFO -Data Initiate Completed
[2026-09-04 22:22:15,487] 26 root -INFO -Initiate the data Validation
[2026-09-04 22:22:15,659] 36 root -INFO -Required number of columns :2
[2026-09-04 22:22:15,659] 37 root -INFO -Dataframe has columns :31
[2026-09-04 22:22:15,659] 36 root -INFO -Required number of columns :2
[2026-09-04 22:22:15,659] 37 root -INFO -Dataframe has columns :31
[2026-09-04 22:22:15,665] 57 root -INFO -Required number of numerical columns :31
[2026-09-04 22:22:15,665] 62 root -INFO -Data has numerical columns :31
[2026-09-04 22:22:15,666] 57 root -INFO -Required number of numerical columns :31
[2026-09-04 22:22:15,666] 62 root -INFO -Data has numerical columns :31
[2026-09-04 22:22:16,158] 28 root -INFO -Data Validation is completed
[2026-09-04 22:22:16,159] 32 root -INFO -data Transformation started
[2026-09-04 22:22:16,160] 65 root -INFO -Entered initiate_data_transformation method of DataTransformation class
[2026-09-04 22:22:16,160] 67 root -INFO -Starting data transformation
[2026-09-04 22:22:16,463] 50 root -INFO -Entered get_data_trnasformer_object method of Trnasformation class
[2026-09-04 22:22:16,463] 55 root -INFO -Initialise KNNImputer with {'missing_values': nan, 'n_neighbors': 3, 'weights': 'uniform'}
[2026-09-04 22:22:16,565] 55 root -INFO -Entered the save_object method of MainuUtils class
[2026-09-04 22:22:16,571] 59 root -INFO -Exited the save_object method of MainuUtils class
[2026-09-04 22:22:16,571] 55 root -INFO -Entered the save_object method of MainuUtils class
[2026-09-04 22:22:16,578] 59 root -INFO -Exited the save_object method of MainuUtils class
[2026-09-04 22:22:16,579] 36 root -INFO -data Transformation completed
[2026-09-04 22:22:16,580] 38 root -INFO -Model training started
