[2026-09-04 21:18:39,390] 16 root -INFO -Enter the try block
[2026-09-04 21:18:39,390] 20 root -INFO -Initiate the data ingesion
[2026-09-04 21:18:43,699] 62 root -INFO -Performed traintest split on the dataframe
[2026-09-04 21:18:43,699] 64 root -INFO -Exited split data as train test method of data_ingestion class
[2026-09-04 21:18:43,700] 72 root -INFO -Exporting train and test file path
[2026-09-04 21:18:43,781] 82 root -INFO -Exported train and test file path
[2026-09-04 21:18:43,782] 22 root -INFO -Data Initiate Completed
[2026-09-04 21:18:43,793] 26 root -INFO -Initiate the data Validation
[2026-09-04 21:18:43,915] 36 root -INFO -Required number of columns :2
[2026-09-04 21:18:43,915] 37 root -INFO -Dataframe has columns :31
[2026-09-04 21:18:43,915] 36 root -INFO -Required number of columns :2
[2026-09-04 21:18:43,915] 37 root -INFO -Dataframe has columns :31
[2026-09-04 21:18:43,920] 57 root -INFO -Required number of numerical columns :31
[2026-09-04 21:18:43,920] 62 root -INFO -Data has numerical columns :31
[2026-09-04 21:18:43,921] 57 root -INFO -Required number of numerical columns :31
[2026-09-04 21:18:43,921] 62 root -INFO -Data has numerical columns :31
[2026-09-04 21:18:44,445] 28 root -INFO -Data Validation is completed
[2026-09-04 21:18:44,446] 32 root -INFO -data Transformation started
[2026-09-04 21:18:44,446] 65 root -INFO -Entered initiate_data_transformation method of DataTransformation class
[2026-09-04 21:18:44,447] 67 root -INFO -Starting data transformation
[2026-09-04 21:18:44,601] 50 root -INFO -Entered get_data_trnasformer_object method of Trnasformation class
[2026-09-04 21:18:44,602] 55 root -INFO -Initialise KNNImputer with {'missing_values': nan, 'n_neighbors': 3, 'weights': 'uniform'}
[2026-09-04 21:18:44,698] 54 root -INFO -Entered the save_object method of MainuUtils class
[2026-09-04 21:18:44,706] 58 root -INFO -Exited the save_object method of MainuUtils class
[2026-09-04 21:18:44,707] 54 root -INFO -Entered the save_object method of MainuUtils class
[2026-09-04 21:18:44,712] 58 root -INFO -Exited the save_object method of MainuUtils class
[2026-09-04 21:18:44,714] 36 root -INFO -data Transformation completed
[2026-09-04 21:18:44,715] 38 root -INFO -Model training started
