[2026-09-04 21:38:18,624] 16 root -INFO -Enter the try block
[2026-09-04 21:38:18,624] 20 root -INFO -Initiate the data ingesion
[2026-09-04 21:38:22,610] 62 root -INFO -Performed traintest split on the dataframe
[2026-09-04 21:38:22,610] 64 root -INFO -Exited split data as train test method of data_ingestion class
[2026-09-04 21:38:22,612] 72 root -INFO -Exporting train and test file path
[2026-09-04 21:38:22,698] 82 root -INFO -Exported train and test file path
[2026-09-04 21:38:22,699] 22 root -INFO -Data Initiate Completed
[2026-09-04 21:38:22,708] 26 root -INFO -Initiate the data Validation
[2026-09-04 21:38:22,864] 36 root -INFO -Required number of columns :2
[2026-09-04 21:38:22,865] 37 root -INFO -Dataframe has columns :31
[2026-09-04 21:38:22,865] 36 root -INFO -Required number of columns :2
[2026-09-04 21:38:22,865] 37 root -INFO -Dataframe has columns :31
[2026-09-04 21:38:22,870] 57 root -INFO -Required number of numerical columns :31
[2026-09-04 21:38:22,870] 62 root -INFO -Data has numerical columns :31
[2026-09-04 21:38:22,871] 57 root -INFO -Required number of numerical columns :31
[2026-09-04 21:38:22,871] 62 root -INFO -Data has numerical columns :31
[2026-09-04 21:38:23,328] 28 root -INFO -Data Validation is completed
[2026-09-04 21:38:23,328] 32 root -INFO -data Transformation started
[2026-09-04 21:38:23,329] 65 root -INFO -Entered initiate_data_transformation method of DataTransformation class
[2026-09-04 21:38:23,329] 67 root -INFO -Starting data transformation
[2026-09-04 21:38:23,463] 50 root -INFO -Entered get_data_trnasformer_object method of Trnasformation class
[2026-09-04 21:38:23,463] 55 root -INFO -Initialise KNNImputer with {'missing_values': nan, 'n_neighbors': 3, 'weights': 'uniform'}
[2026-09-04 21:38:23,567] 55 root -INFO -Entered the save_object method of MainuUtils class
[2026-09-04 21:38:23,575] 59 root -INFO -Exited the save_object method of MainuUtils class
[2026-09-04 21:38:23,575] 55 root -INFO -Entered the save_object method of MainuUtils class
[2026-09-04 21:38:23,581] 59 root -INFO -Exited the save_object method of MainuUtils class
[2026-09-04 21:38:23,583] 36 root -INFO -data Transformation completed
[2026-09-04 21:38:23,583] 38 root -INFO -Model training started
[2026-09-04 21:44:01,945] 55 root -INFO -Entered the save_object method of MainuUtils class
[2026-09-04 21:44:02,031] 59 root -INFO -Exited the save_object method of MainuUtils class
[2026-09-04 21:44:02,032] 136 root -INFO -Model trainer artifact: ModelTrainerArtifact(trained_model_file_path='Artifacts\\09_04_2026_21_38_14\\model_trainer\\trained_model\\model.pkl', train_metric_artifact=ClassificationMetricArtifact(f1_score=0.9916153146782504, precision_score=0.9873264936632469, recall_score=0.9959415584415584), test_metric_artifact=ClassificationMetricArtifact(f1_score=0.9784640390085331, precision_score=0.9772727272727273, recall_score=0.9796582587469488))
[2026-09-04 21:44:02,038] 43 root -INFO -Model Training artifact created
