[2026-09-04 22:48:35,549] 19 root -INFO -Enter the try block
[2026-09-04 22:48:35,549] 23 root -INFO -Initiate the data ingesion
[2026-09-04 22:48:39,134] 62 root -INFO -Performed traintest split on the dataframe
[2026-09-04 22:48:39,135] 64 root -INFO -Exited split data as train test method of data_ingestion class
[2026-09-04 22:48:39,135] 72 root -INFO -Exporting train and test file path
[2026-09-04 22:48:39,186] 82 root -INFO -Exported train and test file path
[2026-09-04 22:48:39,187] 25 root -INFO -Data Initiate Completed
[2026-09-04 22:48:39,215] 29 root -INFO -Initiate the data Validation
[2026-09-04 22:48:39,291] 36 root -INFO -Required number of columns :2
[2026-09-04 22:48:39,291] 37 root -INFO -Dataframe has columns :31
[2026-09-04 22:48:39,291] 36 root -INFO -Required number of columns :2
[2026-09-04 22:48:39,291] 37 root -INFO -Dataframe has columns :31
[2026-09-04 22:48:39,294] 57 root -INFO -Required number of numerical columns :31
[2026-09-04 22:48:39,294] 62 root -INFO -Data has numerical columns :31
[2026-09-04 22:48:39,294] 57 root -INFO -Required number of numerical columns :31
[2026-09-04 22:48:39,295] 62 root -INFO -Data has numerical columns :31
[2026-09-04 22:48:39,546] 31 root -INFO -Data Validation is completed
[2026-09-04 22:48:39,546] 35 root -INFO -data Transformation started
[2026-09-04 22:48:39,547] 65 root -INFO -Entered initiate_data_transformation method of DataTransformation class
[2026-09-04 22:48:39,547] 67 root -INFO -Starting data transformation
[2026-09-04 22:48:39,661] 50 root -INFO -Entered get_data_trnasformer_object method of Trnasformation class
[2026-09-04 22:48:39,661] 55 root -INFO -Initialise KNNImputer with {'missing_values': nan, 'n_neighbors': 3, 'weights': 'uniform'}
[2026-09-04 22:48:39,740] 55 root -INFO -Entered the save_object method of MainuUtils class
[2026-09-04 22:48:39,744] 59 root -INFO -Exited the save_object method of MainuUtils class
[2026-09-04 22:48:39,744] 55 root -INFO -Entered the save_object method of MainuUtils class
[2026-09-04 22:48:39,748] 59 root -INFO -Exited the save_object method of MainuUtils class
[2026-09-04 22:48:39,749] 39 root -INFO -data Transformation completed
[2026-09-04 22:48:39,749] 41 root -INFO -Model training started
[2026-09-04 22:55:10,695] 55 root -INFO -Entered the save_object method of MainuUtils class
[2026-09-04 22:55:10,706] 59 root -INFO -Exited the save_object method of MainuUtils class
[2026-09-04 22:55:10,706] 150 root -INFO -Model trainer artifact: ModelTrainerArtifact(trained_model_file_path='Artifacts\\09_04_2026_22_48_27\\model_trainer\\trained_model\\model.pkl', train_metric_artifact=ClassificationMetricArtifact(f1_score=0.9913644214162349, precision_score=0.9884521880064829, recall_score=0.9942938659058488), test_metric_artifact=ClassificationMetricArtifact(f1_score=0.9745019920318725, precision_score=0.9706349206349206, recall_score=0.9784))
[2026-09-04 22:55:10,709] 46 root -INFO -Model Training artifact created
