[2026-09-04 21:27:23,882] 16 root -INFO -Enter the try block
[2026-09-04 21:27:23,883] 20 root -INFO -Initiate the data ingesion
[2026-09-04 21:27:29,240] 62 root -INFO -Performed traintest split on the dataframe
[2026-09-04 21:27:29,240] 64 root -INFO -Exited split data as train test method of data_ingestion class
[2026-09-04 21:27:29,241] 72 root -INFO -Exporting train and test file path
[2026-09-04 21:27:29,324] 82 root -INFO -Exported train and test file path
[2026-09-04 21:27:29,325] 22 root -INFO -Data Initiate Completed
[2026-09-04 21:27:29,334] 26 root -INFO -Initiate the data Validation
[2026-09-04 21:27:29,471] 36 root -INFO -Required number of columns :2
[2026-09-04 21:27:29,471] 37 root -INFO -Dataframe has columns :31
[2026-09-04 21:27:29,471] 36 root -INFO -Required number of columns :2
[2026-09-04 21:27:29,471] 37 root -INFO -Dataframe has columns :31
[2026-09-04 21:27:29,472] 57 root -INFO -Required number of numerical columns :31
[2026-09-04 21:27:29,472] 62 root -INFO -Data has numerical columns :31
[2026-09-04 21:27:29,472] 57 root -INFO -Required number of numerical columns :31
[2026-09-04 21:27:29,472] 62 root -INFO -Data has numerical columns :31
[2026-09-04 21:27:29,902] 28 root -INFO -Data Validation is completed
[2026-09-04 21:27:29,903] 32 root -INFO -data Transformation started
[2026-09-04 21:27:29,903] 65 root -INFO -Entered initiate_data_transformation method of DataTransformation class
[2026-09-04 21:27:29,903] 67 root -INFO -Starting data transformation
[2026-09-04 21:27:30,059] 50 root -INFO -Entered get_data_trnasformer_object method of Trnasformation class
[2026-09-04 21:27:30,059] 55 root -INFO -Initialise KNNImputer with {'missing_values': nan, 'n_neighbors': 3, 'weights': 'uniform'}
[2026-09-04 21:27:30,260] 54 root -INFO -Entered the save_object method of MainuUtils class
[2026-09-04 21:27:30,266] 58 root -INFO -Exited the save_object method of MainuUtils class
[2026-09-04 21:27:30,266] 54 root -INFO -Entered the save_object method of MainuUtils class
[2026-09-04 21:27:30,271] 58 root -INFO -Exited the save_object method of MainuUtils class
[2026-09-04 21:27:30,274] 36 root -INFO -data Transformation completed
[2026-09-04 21:27:30,274] 38 root -INFO -Model training started
