[2026-09-04 16:05:00,814] 15 root -INFO -Enter the try block
[2026-09-04 16:05:00,814] 19 root -INFO -Initiate the data ingesion
[2026-09-04 16:05:04,593] 62 root -INFO -Performed traintest split on the dataframe
[2026-09-04 16:05:04,593] 64 root -INFO -Exited split data as train test method of data_ingestion class
[2026-09-04 16:05:04,594] 72 root -INFO -Exporting train and test file path
[2026-09-04 16:05:04,677] 82 root -INFO -Exported train and test file path
[2026-09-04 16:05:04,678] 21 root -INFO -Data Initiate Completed
[2026-09-04 16:05:04,686] 25 root -INFO -Initiate the data Validation
[2026-09-04 16:05:04,812] 36 root -INFO -Required number of columns :2
[2026-09-04 16:05:04,812] 37 root -INFO -Dataframe has columns :31
[2026-09-04 16:05:04,812] 36 root -INFO -Required number of columns :2
[2026-09-04 16:05:04,812] 37 root -INFO -Dataframe has columns :31
[2026-09-04 16:05:04,813] 57 root -INFO -Required number of numerical columns :31
[2026-09-04 16:05:04,813] 62 root -INFO -Data has numerical columns :31
[2026-09-04 16:05:04,813] 57 root -INFO -Required number of numerical columns :31
[2026-09-04 16:05:04,813] 62 root -INFO -Data has numerical columns :31
[2026-09-04 16:05:05,341] 27 root -INFO -Data Validation is completed
[2026-09-04 16:05:05,342] 31 root -INFO -data Transformation started
[2026-09-04 16:05:05,342] 65 root -INFO -Entered initiate_data_transformation method of DataTransformation class
[2026-09-04 16:05:05,342] 67 root -INFO -Starting data transformation
